
> soni-cms@1.0.0 build
> cross-env NODE_OPTIONS="--no-deprecation --max-old-space-size=8000" next build

   Ôû▓ Next.js 15.4.11
   - Environments: .env

   Creating an optimized production build ...
Failed to compile.

./src/app/(payload)/admin/importMap.js
Error:   x Expected ',', got '/'
    ,-[E:\Antigravity\soni-cms\src\app\(payload)\admin\importMap.js:29:1]
 26 | import { AlignFeatureClient as AlignFeatureClient_e70f5e05f09f93e00b997edb1ef0c864 } from '@payloadcms/richtext-lexical/client'
 27 | import { SuperscriptFeatureClient as SuperscriptFeatureClient_e70f5e05f09f93e00b997edb1ef0c864 } from '@payloadcms/richtext-lexical/client'
 28 | import { SubscriptFeatureClient as SubscriptFeatureClient_e70f5e05f09f93e00b997edb1ef0c864 } from '@payloadcms/richtext-lexical/client'
 29 | import { components/Dashboard/StatsWidget as components/Dashboard/StatsWidget_d41d8cd98f00b204e9800998ecf8427e } from ''
    :                    ^
 30 | import { components/Dashboard/QuickActions as components/Dashboard/QuickActions_d41d8cd98f00b204e9800998ecf8427e } from ''
 31 | import { components/Dashboard/RecentTransmissions as components/Dashboard/RecentTransmissions_d41d8cd98f00b204e9800998ecf8427e } from ''
 32 | import { CollectionCards as CollectionCards_ab83ff7e88da8d3530831f296ec4756a } from '@payloadcms/ui/rsc'
    `----

Caused by:
    Syntax Error

Import trace for requested module:
./src/app/(payload)/admin/importMap.js
./src/app/(payload)/layout.tsx


> Build failed because of webpack errors
